main.c:135:5:main	8	static
main.c:223:6:SystemClock_Config	88	static
main.c:269:13:MX_ADC1_Init	8	static
main.c:298:13:MX_I2C1_Init	8	static
main.c:332:13:MX_TIM3_Init	64	static
main.c:399:6:ADC_CONFIG_CH0	8	static
main.c:414:6:ADC_CONFIG_CH1	8	static
main.c:429:6:ADC_CONFIG_CH4	8	static
main.c:444:6:ADC_CONFIG_CH8	8	static
main.c:461:6:COMPARE_SENSOR_VALUES	16	static
main.c:544:6:DECODE_MESSAGE	24	static
main.c:611:13:USART1_UART_Init	8	static
main.c:637:6:HAL_UART_RxCpltCallback	24	static
main.c:664:6:REFRESH_INFO_ON_LCD	8	static
main.c:681:6:ERROR_INFO_ON_LCD	8	static
main.c:698:6:delay	16	static
main.c:711:6:Error_Handler	16	static,ignoring_inline_asm
